// Jest Snapshot v1, https://goo.gl/fbAQLP

exports[`secrets store dropped: drop table with keys 1`] = `Array []`;
