// Jest Snapshot v1, https://goo.gl/fbAQLP

exports[`secrets store dropped: drop table with keys 1`] = `
Array [
  Array [
    Object {
      "config": Object {
        "databaseFile": "database-file",
        "eventsTableName": "table-name",
        "secretsTableName": "secrets-table",
        "snapshotsTableName": "snapshots-table-name",
      },
      "database": Object {
        "exec": [Function],
      },
      "escapeId": [Function],
      "memoryStore": Object {},
    },
  ],
  Array [
    Object {
      "config": Object {
        "databaseFile": "database-file",
        "eventsTableName": "table-name",
        "secretsTableName": "secrets-table",
        "snapshotsTableName": "snapshots-table-name",
      },
      "database": Object {
        "exec": [Function],
      },
      "escapeId": [Function],
      "memoryStore": Object {},
    },
  ],
]
`;
